
> rest-express@1.0.0 build:client
> cross-env NODE_ENV=production vite build

[36mvite v5.4.14 [32mbuilding for production...[36m[39m
transforming...
node.exe : 
[1m[33m[plugin:vite:resolve][39m[22m 
[33m[plugin vite:resolve] Module "node:net" has 
been externalized for browser compatibility, 
imported by "C:/Users/Departamento 
AI/OneDrive/Documents/COHETE BRANDS/C├│digo WebAp
p/Rocketflow/Rocketflow/node_modules/express-rate
-limit/dist/index.mjs". See https://vite.dev/guid
e/troubleshooting.html#module-externalized-for-br
owser-compatibility for more details.[39m
En línea: 1 Carácter: 1
+ & "C:\Program Files\nodejs/node.exe" 
"C:\Users\Departamento AI\AppDat ...
+ ~~~~~~~~~~~~~~~~~~~~~~~~~~~~~~~~~~~~~~~~~~~~~~~
~~~~~~~~~~~~~~~~~~~~~~
    + CategoryInfo          : NotSpecified: ([1 
   m[33m[plugi...e details.[39m:String) [], R  
  emoteException
    + FullyQualifiedErrorId : NativeCommandError
 
[1m[33m[plugin:vite:resolve][39m[22m 
[33m[plugin vite:resolve] Module "node:buffer" 
has been externalized for browser compatibility, 
imported by "C:/Users/Departamento 
AI/OneDrive/Documents/COHETE BRANDS/C├│digo WebAp
p/Rocketflow/Rocketflow/node_modules/express-rate
-limit/dist/index.mjs". See https://vite.dev/guid
e/troubleshooting.html#module-externalized-for-br
owser-compatibility for more details.[39m
[1m[33m[plugin:vite:resolve][39m[22m 
[33m[plugin vite:resolve] Module "node:crypto" 
has been externalized for browser compatibility, 
imported by "C:/Users/Departamento 
AI/OneDrive/Documents/COHETE BRANDS/C├│digo WebAp
p/Rocketflow/Rocketflow/node_modules/express-rate
-limit/dist/index.mjs". See https://vite.dev/guid
e/troubleshooting.html#module-externalized-for-br
owser-compatibility for more details.[39m
[1m[33m[plugin:vite:resolve][39m[22m 
[33m[plugin vite:resolve] Module "node:fs" has 
been externalized for browser compatibility, 
imported by "C:/Users/Departamento 
AI/OneDrive/Documents/COHETE BRANDS/C├│digo WebAp
p/Rocketflow/Rocketflow/node_modules/vite/dist/no
de/index.js". See https://vite.dev/guide/troubles
hooting.html#module-externalized-for-browser-comp
atibility for more details.[39m
[1m[33m[plugin:vite:resolve][39m[22m 
[33m[plugin vite:resolve] Module 
"node:fs/promises" has been externalized for 
browser compatibility, imported by 
"C:/Users/Departamento 
AI/OneDrive/Documents/COHETE BRANDS/C├│digo WebAp
p/Rocketflow/Rocketflow/node_modules/vite/dist/no
de/index.js". See https://vite.dev/guide/troubles
hooting.html#module-externalized-for-browser-comp
atibility for more details.[39m
[1m[33m[plugin:vite:resolve][39m[22m 
[33m[plugin vite:resolve] Module "node:path" 
has been externalized for browser compatibility, 
imported by "C:/Users/Departamento 
AI/OneDrive/Documents/COHETE BRANDS/C├│digo WebAp
p/Rocketflow/Rocketflow/node_modules/vite/dist/no
de/index.js". See https://vite.dev/guide/troubles
hooting.html#module-externalized-for-browser-comp
atibility for more details.[39m
[1m[33m[plugin:vite:resolve][39m[22m 
[33m[plugin vite:resolve] Module "node:url" has 
been externalized for browser compatibility, 
imported by "C:/Users/Departamento 
AI/OneDrive/Documents/COHETE BRANDS/C├│digo WebAp
p/Rocketflow/Rocketflow/node_modules/vite/dist/no
de/index.js". See https://vite.dev/guide/troubles
hooting.html#module-externalized-for-browser-comp
atibility for more details.[39m
[1m[33m[plugin:vite:resolve][39m[22m 
[33m[plugin vite:resolve] Module "node:util" 
has been externalized for browser compatibility, 
imported by "C:/Users/Departamento 
AI/OneDrive/Documents/COHETE BRANDS/C├│digo WebAp
p/Rocketflow/Rocketflow/node_modules/vite/dist/no
de/index.js". See https://vite.dev/guide/troubles
hooting.html#module-externalized-for-browser-comp
atibility for more details.[39m
[1m[33m[plugin:vite:resolve][39m[22m 
[33m[plugin vite:resolve] Module 
"node:perf_hooks" has been externalized for 
browser compatibility, imported by 
"C:/Users/Departamento 
AI/OneDrive/Documents/COHETE BRANDS/C├│digo WebAp
p/Rocketflow/Rocketflow/node_modules/vite/dist/no
de/index.js". See https://vite.dev/guide/troubles
hooting.html#module-externalized-for-browser-comp
atibility for more details.[39m
[1m[33m[plugin:vite:resolve][39m[22m 
[33m[plugin vite:resolve] Module "node:module" 
has been externalized for browser compatibility, 
imported by "C:/Users/Departamento 
AI/OneDrive/Documents/COHETE BRANDS/C├│digo WebAp
p/Rocketflow/Rocketflow/node_modules/vite/dist/no
de/index.js". See https://vite.dev/guide/troubles
hooting.html#module-externalized-for-browser-comp
atibility for more details.[39m
[1m[33m[plugin:vite:resolve][39m[22m 
[33m[plugin vite:resolve] Module "node:crypto" 
has been externalized for browser compatibility, 
imported by "C:/Users/Departamento 
AI/OneDrive/Documents/COHETE BRANDS/C├│digo WebAp
p/Rocketflow/Rocketflow/node_modules/vite/dist/no
de/index.js". See https://vite.dev/guide/troubles
hooting.html#module-externalized-for-browser-comp
atibility for more details.[39m
[1m[33m[plugin:vite:resolve][39m[22m 
[33m[plugin vite:resolve] Module "tty" has been 
externalized for browser compatibility, imported 
by "C:/Users/Departamento 
AI/OneDrive/Documents/COHETE BRANDS/C├│digo WebAp
p/Rocketflow/Rocketflow/node_modules/vite/dist/no
de/index.js". See https://vite.dev/guide/troubles
hooting.html#module-externalized-for-browser-comp
atibility for more details.[39m
[1m[33m[plugin:vite:resolve][39m[22m 
[33m[plugin vite:resolve] Module "node:events" 
has been externalized for browser compatibility, 
imported by "C:/Users/Departamento 
AI/OneDrive/Documents/COHETE BRANDS/C├│digo WebAp
p/Rocketflow/Rocketflow/node_modules/vite/dist/no
de/index.js". See https://vite.dev/guide/troubles
hooting.html#module-externalized-for-browser-comp
atibility for more details.[39m
[1m[33m[plugin:vite:resolve][39m[22m 
[33m[plugin vite:resolve] Module "node:stream" 
has been externalized for browser compatibility, 
imported by "C:/Users/Departamento 
AI/OneDrive/Documents/COHETE BRANDS/C├│digo WebAp
p/Rocketflow/Rocketflow/node_modules/vite/dist/no
de/index.js". See https://vite.dev/guide/troubles
hooting.html#module-externalized-for-browser-comp
atibility for more details.[39m
[1m[33m[plugin:vite:resolve][39m[22m 
[33m[plugin vite:resolve] Module 
"node:string_decoder" has been externalized for 
browser compatibility, imported by 
"C:/Users/Departamento 
AI/OneDrive/Documents/COHETE BRANDS/C├│digo WebAp
p/Rocketflow/Rocketflow/node_modules/vite/dist/no
de/index.js". See https://vite.dev/guide/troubles
hooting.html#module-externalized-for-browser-comp
atibility for more details.[39m
[1m[33m[plugin:vite:resolve][39m[22m 
[33m[plugin vite:resolve] Module 
"node:child_process" has been externalized for 
browser compatibility, imported by 
"C:/Users/Departamento 
AI/OneDrive/Documents/COHETE BRANDS/C├│digo WebAp
p/Rocketflow/Rocketflow/node_modules/vite/dist/no
de/index.js". See https://vite.dev/guide/troubles
hooting.html#module-externalized-for-browser-comp
atibility for more details.[39m
[1m[33m[plugin:vite:resolve][39m[22m 
[33m[plugin vite:resolve] Module "node:http" 
has been externalized for browser compatibility, 
imported by "C:/Users/Departamento 
AI/OneDrive/Documents/COHETE BRANDS/C├│digo WebAp
p/Rocketflow/Rocketflow/node_modules/vite/dist/no
de/index.js". See https://vite.dev/guide/troubles
hooting.html#module-externalized-for-browser-comp
atibility for more details.[39m
[1m[33m[plugin:vite:resolve][39m[22m 
[33m[plugin vite:resolve] Module "node:https" 
has been externalized for browser compatibility, 
imported by "C:/Users/Departamento 
AI/OneDrive/Documents/COHETE BRANDS/C├│digo WebAp
p/Rocketflow/Rocketflow/node_modules/vite/dist/no
de/index.js". See https://vite.dev/guide/troubles
hooting.html#module-externalized-for-browser-comp
atibility for more details.[39m
[1m[33m[plugin:vite:resolve][39m[22m 
[33m[plugin vite:resolve] Module "node:os" has 
been externalized for browser compatibility, 
imported by "C:/Users/Departamento 
AI/OneDrive/Documents/COHETE BRANDS/C├│digo WebAp
p/Rocketflow/Rocketflow/node_modules/vite/dist/no
de/index.js". See https://vite.dev/guide/troubles
hooting.html#module-externalized-for-browser-comp
atibility for more details.[39m
[1m[33m[plugin:vite:resolve][39m[22m 
[33m[plugin vite:resolve] Module "node:dns" has 
been externalized for browser compatibility, 
imported by "C:/Users/Departamento 
AI/OneDrive/Documents/COHETE BRANDS/C├│digo WebAp
p/Rocketflow/Rocketflow/node_modules/vite/dist/no
de/index.js". See https://vite.dev/guide/troubles
hooting.html#module-externalized-for-browser-comp
atibility for more details.[39m
[1m[33m[plugin:vite:resolve][39m[22m 
[33m[plugin vite:resolve] Module "module" has 
been externalized for browser compatibility, 
imported by "C:/Users/Departamento 
AI/OneDrive/Documents/COHETE BRANDS/C├│digo WebAp
p/Rocketflow/Rocketflow/node_modules/vite/dist/no
de/index.js". See https://vite.dev/guide/troubles
hooting.html#module-externalized-for-browser-comp
atibility for more details.[39m
[1m[33m[plugin:vite:resolve][39m[22m 
[33m[plugin vite:resolve] Module "node:assert" 
has been externalized for browser compatibility, 
imported by "C:/Users/Departamento 
AI/OneDrive/Documents/COHETE BRANDS/C├│digo WebAp
p/Rocketflow/Rocketflow/node_modules/vite/dist/no
de/index.js". See https://vite.dev/guide/troubles
hooting.html#module-externalized-for-browser-comp
atibility for more details.[39m
[1m[33m[plugin:vite:resolve][39m[22m 
[33m[plugin vite:resolve] Module "node:v8" has 
been externalized for browser compatibility, 
imported by "C:/Users/Departamento 
AI/OneDrive/Documents/COHETE BRANDS/C├│digo WebAp
p/Rocketflow/Rocketflow/node_modules/vite/dist/no
de/index.js". See https://vite.dev/guide/troubles
hooting.html#module-externalized-for-browser-comp
atibility for more details.[39m
[1m[33m[plugin:vite:resolve][39m[22m 
[33m[plugin vite:resolve] Module 
"node:worker_threads" has been externalized for 
browser compatibility, imported by 
"C:/Users/Departamento 
AI/OneDrive/Documents/COHETE BRANDS/C├│digo WebAp
p/Rocketflow/Rocketflow/node_modules/vite/dist/no
de/index.js". See https://vite.dev/guide/troubles
hooting.html#module-externalized-for-browser-comp
atibility for more details.[39m
[1m[33m[plugin:vite:resolve][39m[22m 
[33m[plugin vite:resolve] Module "node:buffer" 
has been externalized for browser compatibility, 
imported by "C:/Users/Departamento 
AI/OneDrive/Documents/COHETE BRANDS/C├│digo WebAp
p/Rocketflow/Rocketflow/node_modules/vite/dist/no
de/index.js". See https://vite.dev/guide/troubles
hooting.html#module-externalized-for-browser-comp
atibility for more details.[39m
[1m[33m[plugin:vite:resolve][39m[22m 
[33m[plugin vite:resolve] Module 
"node:readline" has been externalized for 
browser compatibility, imported by 
"C:/Users/Departamento 
AI/OneDrive/Documents/COHETE BRANDS/C├│digo WebAp
p/Rocketflow/Rocketflow/node_modules/vite/dist/no
de/index.js". See https://vite.dev/guide/troubles
hooting.html#module-externalized-for-browser-comp
atibility for more details.[39m
[1m[33m[plugin:vite:resolve][39m[22m 
[33m[plugin vite:resolve] Module "node:net" has 
been externalized for browser compatibility, 
imported by "C:/Users/Departamento 
AI/OneDrive/Documents/COHETE BRANDS/C├│digo WebAp
p/Rocketflow/Rocketflow/node_modules/vite/dist/no
de/index.js". See https://vite.dev/guide/troubles
hooting.html#module-externalized-for-browser-comp
atibility for more details.[39m
[1m[33m[plugin:vite:resolve][39m[22m 
[33m[plugin vite:resolve] Module "assert" has 
been externalized for browser compatibility, 
imported by "C:/Users/Departamento 
AI/OneDrive/Documents/COHETE BRANDS/C├│digo WebAp
p/Rocketflow/Rocketflow/node_modules/vite/dist/no
de/index.js". See https://vite.dev/guide/troubles
hooting.html#module-externalized-for-browser-comp
atibility for more details.[39m
[1m[33m[plugin:vite:resolve][39m[22m 
[33m[plugin vite:resolve] Module "node:zlib" 
has been externalized for browser compatibility, 
imported by "C:/Users/Departamento 
AI/OneDrive/Documents/COHETE BRANDS/C├│digo WebAp
p/Rocketflow/Rocketflow/node_modules/vite/dist/no
de/index.js". See https://vite.dev/guide/troubles
hooting.html#module-externalized-for-browser-comp
atibility for more details.[39m
[32mΓ£ô[39m 31 modules transformed.
[31mx[39m Build failed in 4.91s
[31merror during build:
[31m[vite]: Rollup failed to resolve import 
"@shared/schema" from "C:/Users/Departamento 
AI/OneDrive/Documents/COHETE BRANDS/C├│digo 
WebApp/Rocketflow/Rocketflow/server/routes.ts".
This is most likely unintended because it can 
break your application at runtime.
If you do want to externalize this module 
explicitly add it to
`build.rollupOptions.external`[31m
    at viteWarn (file:///C:/Users/Departamento%20
AI/OneDrive/Documents/COHETE%20BRANDS/C%C3%B3digo
%20WebApp/Rocketflow/Rocketflow/node_modules/vite
/dist/node/chunks/dep-CHZK6zbr.js:65747:17)
    at onRollupWarning (file:///C:/Users/Departam
ento%20AI/OneDrive/Documents/COHETE%20BRANDS/C%C3
%B3digo%20WebApp/Rocketflow/Rocketflow/node_modul
es/vite/dist/node/chunks/dep-CHZK6zbr.js:65779:5)
    at onwarn (file:///C:/Users/Departamento%20AI
/OneDrive/Documents/COHETE%20BRANDS/C%C3%B3digo%2
0WebApp/Rocketflow/Rocketflow/node_modules/vite/d
ist/node/chunks/dep-CHZK6zbr.js:65442:7)
    at file:///C:/Users/Departamento%20AI/OneDriv
e/Documents/COHETE%20BRANDS/C%C3%B3digo%20WebApp/
Rocketflow/Rocketflow/node_modules/rollup/dist/es
/shared/node-entry.js:19452:13
    at Object.logger [as onLog] (file:///C:/Users
/Departamento%20AI/OneDrive/Documents/COHETE%20BR
ANDS/C%C3%B3digo%20WebApp/Rocketflow/Rocketflow/n
ode_modules/rollup/dist/es/shared/node-entry.js:2
1178:9)
    at ModuleLoader.handleInvalidResolvedId (file
:///C:/Users/Departamento%20AI/OneDrive/Documents
/COHETE%20BRANDS/C%C3%B3digo%20WebApp/Rocketflow/
Rocketflow/node_modules/rollup/dist/es/shared/nod
e-entry.js:20067:26)
    at file:///C:/Users/Departamento%20AI/OneDriv
e/Documents/COHETE%20BRANDS/C%C3%B3digo%20WebApp/
Rocketflow/Rocketflow/node_modules/rollup/dist/es
/shared/node-entry.js:20025:26[39m
